[0m[7m[1m[32m PASS [39m[22m[27m[0m [2msrc/modules/scoring/__tests__/[22m[1mats.engine.test.ts[22m
[0m[7m[1m[32m PASS [39m[22m[27m[0m [2msrc/__tests__/[22m[1mintegration.test.ts[22m
  [1m● [22mConsole

    [2mconsole.log[22m
      [dotenv@17.3.1] injecting env (0) from .env -- tip: 🛠️  run anywhere with `dotenvx run -- yourcommand`
[2m[22m
[2m      [2mat _log ([22m[2mnode_modules/dotenv/lib/main.js[2m:139:11)[22m[2m[22m

    [2mconsole.log[22m
      {"id":"8dd526f3-4f17-40bc-9f36-2d2e49b2144c","level":"info","message":"Incoming request","method":"POST","url":"/api/v1/candidates/profile"}
[2m[22m
[2m      [2mat Console.log ([22m[2mnode_modules/winston/lib/winston/transports/console.js[2m:87:23)[22m[2m[22m

    [2mconsole.log[22m
      {"id":"0235431c-c6d9-46a1-841e-7af4ec544e88","level":"info","message":"Incoming request","method":"POST","url":"/api/v1/webhooks/resume-parsed"}
[2m[22m
[2m      [2mat Console.log ([22m[2mnode_modules/winston/lib/winston/transports/console.js[2m:87:23)[22m[2m[22m

[33mA worker process has failed to exit gracefully and has been force exited. This is likely caused by tests leaking due to improper teardown. Try running with --detectOpenHandles to find leaks. Active timers can also cause this, ensure that .unref() was called on them.[39m

[1mTest Suites: [22m[1m[32m2 passed[39m[22m, 2 total
[1mTests:       [22m[1m[32m29 passed[39m[22m, 29 total
[1mSnapshots:   [22m0 total
[1mTime:[22m        [1m[33m5.119 s[39m[22m
[2mRan all test suites[22m[2m.[22m
